app/actions/documents.ts(107,25): error TS2353: Object literal may only specify known properties, and 'designation' does not exist in type 'ProduitSelect<DefaultArgs>'.
app/actions/documents.ts(112,17): error TS2353: Object literal may only specify known properties, and 'ordre' does not exist in type 'LigneDocumentOrderByWithRelationInput | LigneDocumentOrderByWithRelationInput[]'.
app/actions/partners.ts(17,44): error TS2339: Property 'plafond_credit' does not exist on type '{ est_actif: boolean; date_creation: Date; date_modification: Date; cree_par: string | null; modifie_par: string | null; id_partenaire: number; code_partenaire: string; nom_partenaire: string; ... 21 more ...; compte_auxiliaire: string | null; }'.
app/actions/partners.ts(18,43): error TS2339: Property 'solde_courant' does not exist on type '{ est_actif: boolean; date_creation: Date; date_modification: Date; cree_par: string | null; modifie_par: string | null; id_partenaire: number; code_partenaire: string; nom_partenaire: string; ... 21 more ...; compte_auxiliaire: string | null; }'.
app/actions/stock.ts(16,17): error TS2353: Object literal may only specify known properties, and 'depot' does not exist in type 'NiveauStockInclude<DefaultArgs>'.
app/actions/stock.ts(32,46): error TS2339: Property 'cout_moyen_pondere' does not exist on type '{ date_creation: Date; date_modification: Date; id_entrepot: number; id_produit: number; id_stock: number; quantite_en_stock: Decimal; quantite_reservee: Decimal; quantite_commandee: Decimal; date_dernier_mouvement: Date | null; type_dernier_mouvement: string | null; }'.
app/actions/stock.ts(33,40): error TS2339: Property 'valeur_stock' does not exist on type '{ date_creation: Date; date_modification: Date; id_entrepot: number; id_produit: number; id_stock: number; quantite_en_stock: Decimal; quantite_reservee: Decimal; quantite_commandee: Decimal; date_dernier_mouvement: Date | null; type_dernier_mouvement: string | null; }'.
app/actions/stock.ts(34,28): error TS2339: Property 'produit' does not exist on type '{ date_creation: Date; date_modification: Date; id_entrepot: number; id_produit: number; id_stock: number; quantite_en_stock: Decimal; quantite_reservee: Decimal; quantite_commandee: Decimal; date_dernier_mouvement: Date | null; type_dernier_mouvement: string | null; }'.
app/actions/stock.ts(35,26): error TS2339: Property 'produit' does not exist on type '{ date_creation: Date; date_modification: Date; id_entrepot: number; id_produit: number; id_stock: number; quantite_en_stock: Decimal; quantite_reservee: Decimal; quantite_commandee: Decimal; date_dernier_mouvement: Date | null; type_dernier_mouvement: string | null; }'.
app/actions/stock.ts(36,42): error TS2339: Property 'produit' does not exist on type '{ date_creation: Date; date_modification: Date; id_entrepot: number; id_produit: number; id_stock: number; quantite_en_stock: Decimal; quantite_reservee: Decimal; quantite_commandee: Decimal; date_dernier_mouvement: Date | null; type_dernier_mouvement: string | null; }'.
app/actions/stock.ts(38,26): error TS2339: Property 'depot' does not exist on type '{ date_creation: Date; date_modification: Date; id_entrepot: number; id_produit: number; id_stock: number; quantite_en_stock: Decimal; quantite_reservee: Decimal; quantite_commandee: Decimal; date_dernier_mouvement: Date | null; type_dernier_mouvement: string | null; }'.
app/actions/stock.ts(49,29): error TS2339: Property 'depot' does not exist on type 'PrismaClient<PrismaClientOptions, never, DefaultArgs>'.
app/documents/page.tsx(177,67): error TS2322: Type 'Dispatch<SetStateAction<string>>' is not assignable to type '(value: string | null, eventDetails: SelectRootChangeEventDetails) => void'.
  Types of parameters 'value' and 'value' are incompatible.
    Type 'string | null' is not assignable to type 'SetStateAction<string>'.
      Type 'null' is not assignable to type 'SetStateAction<string>'.
app/documents/page.tsx(179,58): error TS2322: Type '{ placeholder: string; }' is not assignable to type 'IntrinsicAttributes & SelectValueProps'.
  Property 'placeholder' does not exist on type 'IntrinsicAttributes & SelectValueProps'.
app/documents/page.tsx(187,64): error TS2322: Type 'Dispatch<SetStateAction<string>>' is not assignable to type '(value: string | null, eventDetails: SelectRootChangeEventDetails) => void'.
  Types of parameters 'value' and 'value' are incompatible.
    Type 'string | null' is not assignable to type 'SetStateAction<string>'.
      Type 'null' is not assignable to type 'SetStateAction<string>'.
app/documents/page.tsx(189,58): error TS2322: Type '{ placeholder: string; }' is not assignable to type 'IntrinsicAttributes & SelectValueProps'.
  Property 'placeholder' does not exist on type 'IntrinsicAttributes & SelectValueProps'.
app/purchases/page.tsx(97,32): error TS2552: Cannot find name 'getPurchaseDocuments'. Did you mean 'fetchDocuments'?
app/sales/page.tsx(156,64): error TS2322: Type 'Dispatch<SetStateAction<string>>' is not assignable to type '(value: string | null, eventDetails: SelectRootChangeEventDetails) => void'.
  Types of parameters 'value' and 'value' are incompatible.
    Type 'string | null' is not assignable to type 'SetStateAction<string>'.
      Type 'null' is not assignable to type 'SetStateAction<string>'.
app/sales/page.tsx(158,58): error TS2322: Type '{ placeholder: string; }' is not assignable to type 'IntrinsicAttributes & SelectValueProps'.
  Property 'placeholder' does not exist on type 'IntrinsicAttributes & SelectValueProps'.
app/stock/page.tsx(139,20): error TS2339: Property 'id_depot' does not exist on type '{ quantite_en_stock: number; quantite_reservee: number; cout_moyen_pondere: number; valeur_stock: number; produit: any; depot: any; date_creation: Date; date_modification: Date; ... 5 more ...; type_dernier_mouvement: string | null; }'.
app/stock/page.tsx(139,38): error TS2339: Property 'id_depot' does not exist on type '{ quantite_en_stock: number; quantite_reservee: number; cout_moyen_pondere: number; valeur_stock: number; produit: any; depot: any; date_creation: Date; date_modification: Date; ... 5 more ...; type_dernier_mouvement: string | null; }'.
