components/dashboard/enhanced/lazy-components.tsx(141,18): error TS2339: Property 'ErrorBoundary' does not exist on type 'typeof import("D:/stock_app/stock_app/node_modules/@types/react/index.d.ts")'.
components/dashboard/enhanced/lazy-components.tsx(143,19): error TS2339: Property 'ErrorBoundary' does not exist on type 'typeof import("D:/stock_app/stock_app/node_modules/@types/react/index.d.ts")'.
components/dashboard/enhanced/lazy-components.tsx(178,37): error TS2352: Conversion of type 'LazyInteractiveChartCardProps' to type '{ height?: number | undefined; } & Record<string, unknown>' may be a mistake because neither type sufficiently overlaps with the other. If this was intentional, convert the expression to 'unknown' first.
  Type 'LazyInteractiveChartCardProps' is not comparable to type 'Record<string, unknown>'.
    Index signature for type 'string' is missing in type 'LazyInteractiveChartCardProps'.
components/dashboard/enhanced/lazy-components.tsx(181,8): error TS2739: Type '{}' is missing the following properties from type 'InteractiveChartCardProps': title, data, series
components/dashboard/enhanced/lazy-components.tsx(194,82): error TS2344: Type 'typeof LazyEnhancedDataTable<TData, TValue>' does not satisfy the constraint 'JSXElementConstructor<any> | keyof IntrinsicElements'.
components/dashboard/enhanced/lazy-components.tsx(194,111): error TS2635: Type 'LazyExoticComponent<(<TData, TValue>({ columns, data, searchKey, searchPlaceholder, pageSize, pageSizeOptions, enableSorting, enableFiltering, enablePagination, enableRowSelection, enableColumnVisibility, enableExport, loading, mobileCardRender, className, onRowClick, onExport, emptyMessage, emptyDescription, }: Enh...' has no signatures for which the type argument list is applicable.
components/dashboard/enhanced/lazy-components.tsx(197,8): error TS2739: Type '{}' is missing the following properties from type 'EnhancedDataTableProps<unknown, unknown>': columns, data
components/dashboard/enhanced/use-dashboard-data.ts(321,16): error TS2345: Argument of type 'T | null' is not assignable to parameter of type 'T | ((prev: T | null) => T) | undefined'.
  Type 'null' is not assignable to type 'T | ((prev: T | null) => T) | undefined'.
components/dashboard/widgets/alerts-widget.tsx(15,3): error TS2724: '"@hugeicons/core-free-icons"' has no exported member named 'InformationIcon'. Did you mean 'NotionIcon'?
components/dashboard/widgets/alerts-widget.tsx(209,17): error TS2322: Type '{ children: Element; variant: "ghost"; size: "xs"; className: string; onClick: (e: BaseUIEvent<MouseEvent<HTMLButtonElement, MouseEvent>>) => void; asChild: boolean; }' is not assignable to type 'IntrinsicAttributes & (ButtonProps & VariantProps<(props?: (ConfigVariants<{ variant: { default: string; outline: string; secondary: string; ghost: string; destructive: string; link: string; }; size: { ...; }; }> & ClassProp) | undefined) => string>)'.
  Property 'asChild' does not exist on type 'IntrinsicAttributes & (ButtonProps & VariantProps<(props?: (ConfigVariants<{ variant: { default: string; outline: string; secondary: string; ghost: string; destructive: string; link: string; }; size: { ...; }; }> & ClassProp) | undefined) => string>)'.
components/dashboard/widgets/alerts-widget.tsx(355,15): error TS2322: Type '{ children: Element; variant: "ghost"; size: "sm"; className: string; onClick: (() => void) | undefined; asChild: boolean; }' is not assignable to type 'IntrinsicAttributes & (ButtonProps & VariantProps<(props?: (ConfigVariants<{ variant: { default: string; outline: string; secondary: string; ghost: string; destructive: string; link: string; }; size: { ...; }; }> & ClassProp) | undefined) => string>)'.
  Property 'asChild' does not exist on type 'IntrinsicAttributes & (ButtonProps & VariantProps<(props?: (ConfigVariants<{ variant: { default: string; outline: string; secondary: string; ghost: string; destructive: string; link: string; }; size: { ...; }; }> & ClassProp) | undefined) => string>)'.
components/dashboard/widgets/top-products-widget.tsx(13,3): error TS2305: Module '"@hugeicons/core-free-icons"' has no exported member 'Product1Icon'.
components/dashboard/widgets/top-products-widget.tsx(233,15): error TS2322: Type '{ children: Element; variant: "ghost"; size: "sm"; className: string; onClick: (() => void) | undefined; asChild: boolean; }' is not assignable to type 'IntrinsicAttributes & (ButtonProps & VariantProps<(props?: (ConfigVariants<{ variant: { default: string; outline: string; secondary: string; ghost: string; destructive: string; link: string; }; size: { ...; }; }> & ClassProp) | undefined) => string>)'.
  Property 'asChild' does not exist on type 'IntrinsicAttributes & (ButtonProps & VariantProps<(props?: (ConfigVariants<{ variant: { default: string; outline: string; secondary: string; ghost: string; destructive: string; link: string; }; size: { ...; }; }> & ClassProp) | undefined) => string>)'.
